src/features/assessment/components/TestCases.tsx(95,11): error TS2322: Type '{}' is not assignable to type 'ReactNode'.
